\BOOKMARK [1][-]{section.1}{\376\377\000I\000n\000t\000r\000o\000d\000u\000c\000c\000i\000\363\000n}{}% 1
\BOOKMARK [1][-]{section.2}{\376\377\000L\000i\000s\000t\000a\000\040\000d\000e\000\040\000u\000s\000u\000a\000r\000i\000o\000s\000\040\000p\000a\000r\000t\000i\000c\000i\000p\000a\000n\000t\000e\000s}{}% 2
\BOOKMARK [2][-]{subsection.2.1}{\376\377\000P\000a\000r\000t\000i\000c\000i\000p\000a\000n\000t\000e\000\040\040\023\000\040\000D\000a\000v\000i\000d\000\040\000P\000\351\000r\000e\000z\000\040\000V\000e\000l\000a\000s\000c\000o}{section.2}% 3
\BOOKMARK [2][-]{subsection.2.2}{\376\377\000P\000a\000r\000t\000i\000c\000i\000p\000a\000n\000t\000e\000\040\040\023\000\040\000G\000a\000b\000r\000i\000e\000l\000\040\000V\000i\000l\000l\000a\000r\000r\000u\000b\000i\000a\000\040\000G\000o\000n\000z\000\341\000l\000e\000z}{section.2}% 4
\BOOKMARK [2][-]{subsection.2.3}{\376\377\000P\000a\000r\000t\000i\000c\000i\000p\000a\000n\000t\000e\000\040\040\023\000\040\000S\000e\000r\000g\000i\000o\000\040\000G\000a\000r\000c\000\355\000a\000\040\000G\000o\000n\000z\000\341\000l\000e\000z}{section.2}% 5
\BOOKMARK [1][-]{section.3}{\376\377\000O\000b\000j\000e\000t\000i\000v\000o\000s\000\040\000d\000e\000l\000\040\000p\000r\000o\000y\000e\000c\000t\000o}{}% 6
\BOOKMARK [2][-]{subsection.3.1}{\376\377\000O\000B\000J\000-\0000\0000\0000\0001\000:\000\040\000G\000e\000s\000t\000i\000o\000n\000a\000r\000\040\000u\000s\000u\000a\000r\000i\000o\000s\000\040\000y\000\040\000s\000e\000g\000u\000r\000i\000d\000a\000d}{section.3}% 7
\BOOKMARK [2][-]{subsection.3.2}{\376\377\000O\000B\000J\000-\0000\0000\0000\0002\000:\000\040\000I\000n\000t\000e\000g\000r\000a\000c\000i\000\363\000n\000\040\000b\000l\000o\000c\000k\000c\000h\000a\000i\000n\000\040\000y\000\040\000a\000l\000m\000a\000c\000e\000n\000a\000m\000i\000e\000n\000t\000o\000\040\000d\000e\000s\000c\000e\000n\000t\000r\000a\000l\000i\000z\000a\000d\000o}{section.3}% 8
\BOOKMARK [2][-]{subsection.3.3}{\376\377\000O\000B\000J\000-\0000\0000\0000\0003\000:\000\040\000P\000r\000o\000t\000e\000c\000c\000i\000\363\000n\000\040\000c\000r\000i\000p\000t\000o\000g\000r\000\341\000f\000i\000c\000a\000\040\000y\000\040\000g\000e\000s\000t\000i\000\363\000n\000\040\000d\000e\000\040\000c\000l\000a\000v\000e\000s}{section.3}% 9
\BOOKMARK [2][-]{subsection.3.4}{\376\377\000O\000B\000J\000-\0000\0000\0000\0004\000:\000\040\000V\000e\000r\000s\000i\000o\000n\000a\000d\000o\000\040\000y\000\040\000t\000r\000a\000z\000a\000b\000i\000l\000i\000d\000a\000d\000\040\000c\000o\000m\000p\000l\000e\000t\000a}{section.3}% 10
\BOOKMARK [2][-]{subsection.3.5}{\376\377\000O\000B\000J\000-\0000\0000\0000\0005\000:\000\040\000F\000i\000r\000m\000a\000s\000\040\000d\000i\000g\000i\000t\000a\000l\000e\000s\000\040\000v\000e\000r\000i\000f\000i\000c\000a\000b\000l\000e\000s}{section.3}% 11
\BOOKMARK [2][-]{subsection.3.6}{\376\377\000O\000B\000J\000-\0000\0000\0000\0006\000:\000\040\000C\000o\000n\000t\000r\000o\000l\000\040\000d\000e\000\040\000a\000c\000c\000e\000s\000o\000\040\000g\000r\000a\000n\000u\000l\000a\000r}{section.3}% 12
\BOOKMARK [1][-]{section.4}{\376\377\000C\000a\000t\000\341\000l\000o\000g\000o\000\040\000d\000e\000\040\000r\000e\000q\000u\000i\000s\000i\000t\000o\000s\000\040\000d\000e\000l\000\040\000s\000i\000s\000t\000e\000m\000a}{}% 13
\BOOKMARK [2][-]{subsection.4.1}{\376\377\000R\000e\000q\000u\000i\000s\000i\000t\000o\000s\000\040\000d\000e\000\040\000i\000n\000f\000o\000r\000m\000a\000c\000i\000\363\000n}{section.4}% 14
\BOOKMARK [3][-]{subsubsection.4.1.1}{\376\377\000I\000R\000Q\000-\0000\0000\0000\0001\000:\000\040\000D\000a\000t\000o\000s\000\040\000d\000e\000\040\000u\000s\000u\000a\000r\000i\000o\000\040\000y\000\040\000a\000u\000t\000e\000n\000t\000i\000c\000a\000c\000i\000\363\000n}{subsection.4.1}% 15
\BOOKMARK [3][-]{subsubsection.4.1.2}{\376\377\000I\000R\000Q\000-\0000\0000\0000\0002\000:\000\040\000D\000o\000c\000u\000m\000e\000n\000t\000o\000s\000\040\000y\000\040\000v\000e\000r\000s\000i\000o\000n\000a\000d\000o}{subsection.4.1}% 16
\BOOKMARK [3][-]{subsubsection.4.1.3}{\376\377\000I\000R\000Q\000-\0000\0000\0000\0003\000:\000\040\000O\000r\000g\000a\000n\000i\000z\000a\000c\000i\000\363\000n\000\040\000y\000\040\000e\000t\000i\000q\000u\000e\000t\000a\000d\000o}{subsection.4.1}% 17
\BOOKMARK [3][-]{subsubsection.4.1.4}{\376\377\000I\000R\000Q\000-\0000\0000\0000\0004\000:\000\040\000F\000i\000r\000m\000a\000s\000\040\000d\000i\000g\000i\000t\000a\000l\000e\000s}{subsection.4.1}% 18
\BOOKMARK [3][-]{subsubsection.4.1.5}{\376\377\000I\000R\000Q\000-\0000\0000\0000\0005\000:\000\040\000E\000v\000e\000n\000t\000o\000s\000\040\000y\000\040\000a\000u\000d\000i\000t\000o\000r\000\355\000a}{subsection.4.1}% 19
\BOOKMARK [3][-]{subsubsection.4.1.6}{\376\377\000I\000R\000Q\000-\0000\0000\0000\0006\000:\000\040\000E\000s\000t\000a\000d\000\355\000s\000t\000i\000c\000a\000s\000\040\000y\000\040\000m\000\351\000t\000r\000i\000c\000a\000s}{subsection.4.1}% 20
\BOOKMARK [3][-]{subsubsection.4.1.7}{\376\377\000I\000R\000Q\000-\0000\0000\0000\0007\000:\000\040\000N\000o\000t\000i\000f\000i\000c\000a\000c\000i\000o\000n\000e\000s\000\040\000y\000\040\000c\000o\000m\000u\000n\000i\000c\000a\000c\000i\000o\000n\000e\000s}{subsection.4.1}% 21
\BOOKMARK [2][-]{subsection.4.2}{\376\377\000R\000e\000q\000u\000i\000s\000i\000t\000o\000s\000\040\000n\000o\000\040\000f\000u\000n\000c\000i\000o\000n\000a\000l\000e\000s}{section.4}% 22
\BOOKMARK [3][-]{subsubsection.4.2.1}{\376\377\000N\000F\000R\000-\0000\0000\0000\0001\000:\000\040\000S\000e\000g\000u\000r\000i\000d\000a\000d\000\040\000y\000\040\000p\000r\000i\000v\000a\000c\000i\000d\000a\000d\000\040\000d\000e\000\040\000d\000a\000t\000o\000s}{subsection.4.2}% 23
\BOOKMARK [3][-]{subsubsection.4.2.2}{\376\377\000N\000F\000R\000-\0000\0000\0000\0002\000:\000\040\000R\000e\000n\000d\000i\000m\000i\000e\000n\000t\000o\000\040\000y\000\040\000e\000s\000c\000a\000l\000a\000b\000i\000l\000i\000d\000a\000d}{subsection.4.2}% 24
\BOOKMARK [3][-]{subsubsection.4.2.3}{\376\377\000N\000F\000R\000-\0000\0000\0000\0003\000:\000\040\000U\000s\000a\000b\000i\000l\000i\000d\000a\000d\000\040\000y\000\040\000e\000x\000p\000e\000r\000i\000e\000n\000c\000i\000a\000\040\000d\000e\000\040\000u\000s\000u\000a\000r\000i\000o}{subsection.4.2}% 25
\BOOKMARK [3][-]{subsubsection.4.2.4}{\376\377\000N\000F\000R\000-\0000\0000\0000\0004\000:\000\040\000D\000i\000s\000p\000o\000n\000i\000b\000i\000l\000i\000d\000a\000d\000\040\000y\000\040\000t\000o\000l\000e\000r\000a\000n\000c\000i\000a\000\040\000a\000\040\000f\000a\000l\000l\000o\000s}{subsection.4.2}% 26
\BOOKMARK [3][-]{subsubsection.4.2.5}{\376\377\000N\000F\000R\000-\0000\0000\0000\0005\000:\000\040\000M\000a\000n\000t\000e\000n\000i\000b\000i\000l\000i\000d\000a\000d\000\040\000y\000\040\000d\000o\000c\000u\000m\000e\000n\000t\000a\000c\000i\000\363\000n}{subsection.4.2}% 27
\BOOKMARK [3][-]{subsubsection.4.2.6}{\376\377\000N\000F\000R\000-\0000\0000\0000\0006\000:\000\040\000P\000o\000r\000t\000a\000b\000i\000l\000i\000d\000a\000d\000\040\000y\000\040\000d\000e\000s\000p\000l\000i\000e\000g\000u\000e}{subsection.4.2}% 28
\BOOKMARK [2][-]{subsection.4.3}{\376\377\000R\000e\000q\000u\000i\000s\000i\000t\000o\000s\000\040\000f\000u\000n\000c\000i\000o\000n\000a\000l\000e\000s}{section.4}% 29
\BOOKMARK [3][-]{subsubsection.4.3.1}{\376\377\000D\000i\000a\000g\000r\000a\000m\000a\000s\000\040\000d\000e\000\040\000a\000c\000t\000o\000r\000e\000s}{subsection.4.3}% 30
\BOOKMARK [3][-]{subsubsection.4.3.2}{\376\377\000A\000C\000T\000-\0000\0001\000:\000\040\000U\000s\000u\000a\000r\000i\000o}{subsection.4.3}% 31
\BOOKMARK [3][-]{subsubsection.4.3.3}{\376\377\000A\000C\000T\000-\0000\0002\000:\000\040\000A\000d\000m\000i\000n\000i\000s\000t\000r\000a\000d\000o\000r}{subsection.4.3}% 32
\BOOKMARK [3][-]{subsubsection.4.3.4}{\376\377\000A\000C\000T\000-\0000\0003\000:\000\040\000S\000m\000a\000r\000t\000\040\000C\000o\000n\000t\000r\000a\000c\000t\000\040\000\050\000D\000o\000c\000u\000m\000e\000n\000t\000R\000e\000g\000i\000s\000t\000r\000y\000\051}{subsection.4.3}% 33
\BOOKMARK [3][-]{subsubsection.4.3.5}{\376\377\000A\000C\000T\000-\0000\0004\000:\000\040\000N\000o\000d\000o\000\040\000I\000P\000F\000S\000\040\000a\000u\000t\000o\000a\000l\000o\000j\000a\000d\000o}{subsection.4.3}% 34
\BOOKMARK [3][-]{subsubsection.4.3.6}{\376\377\000A\000C\000T\000-\0000\0005\000:\000\040\000S\000i\000s\000t\000e\000m\000a\000\040\000d\000e\000\040\000E\000m\000a\000i\000l}{subsection.4.3}% 35
\BOOKMARK [3][-]{subsubsection.4.3.7}{\376\377\000D\000i\000a\000g\000r\000a\000m\000a\000s\000\040\000d\000e\000\040\000c\000a\000s\000o\000s\000\040\000d\000e\000\040\000u\000s\000o}{subsection.4.3}% 36
\BOOKMARK [3][-]{subsubsection.4.3.8}{\376\377\000C\000a\000s\000o\000s\000\040\000d\000e\000\040\000U\000s\000o\000\040\000D\000e\000t\000a\000l\000l\000a\000d\000o\000s}{subsection.4.3}% 37
\BOOKMARK [3][-]{section*.6}{\376\377\000U\000C\000-\0000\0000\0000\0001\000:\000\040\000R\000e\000g\000i\000s\000t\000r\000a\000r\000\040\000U\000s\000u\000a\000r\000i\000o}{subsection.4.3}% 38
\BOOKMARK [3][-]{section*.8}{\376\377\000U\000C\000-\0000\0000\0000\0002\000:\000\040\000I\000n\000i\000c\000i\000a\000r\000\040\000S\000e\000s\000i\000\363\000n}{subsection.4.3}% 39
\BOOKMARK [3][-]{section*.10}{\376\377\000U\000C\000-\0000\0000\0000\0003\000:\000\040\000V\000a\000l\000i\000d\000a\000r\000\040\000S\000e\000g\000u\000n\000d\000o\000\040\000F\000a\000c\000t\000o\000r\000\040\000e\000n\000\040\000e\000l\000\040\000I\000n\000i\000c\000i\000o\000\040\000d\000e\000\040\000S\000e\000s\000i\000\363\000n}{subsection.4.3}% 40
\BOOKMARK [3][-]{section*.12}{\376\377\000U\000C\000-\0000\0000\0000\0004\000:\000\040\000C\000e\000r\000r\000a\000r\000\040\000S\000e\000s\000i\000\363\000n}{subsection.4.3}% 41
\BOOKMARK [3][-]{section*.14}{\376\377\000U\000C\000-\0000\0000\0000\0005\000:\000\040\000C\000o\000n\000e\000c\000t\000a\000r\000\040\000W\000a\000l\000l\000e\000t}{subsection.4.3}% 42
\BOOKMARK [3][-]{section*.16}{\376\377\000U\000C\000-\0000\0000\0000\0006\000:\000\040\000E\000l\000i\000m\000i\000n\000a\000r\000\040\000W\000a\000l\000l\000e\000t}{subsection.4.3}% 43
\BOOKMARK [3][-]{section*.18}{\376\377\000U\000C\000-\0000\0000\0000\0007\000:\000\040\000E\000s\000t\000a\000b\000l\000e\000c\000e\000r\000\040\000W\000a\000l\000l\000e\000t\000\040\000P\000r\000i\000n\000c\000i\000p\000a\000l}{subsection.4.3}% 44
\BOOKMARK [3][-]{section*.20}{\376\377\000U\000C\000-\0000\0000\0000\0008\000:\000\040\000R\000e\000n\000o\000m\000b\000r\000a\000r\000/\000E\000t\000i\000q\000u\000e\000t\000a\000r\000\040\000W\000a\000l\000l\000e\000t}{subsection.4.3}% 45
\BOOKMARK [3][-]{section*.22}{\376\377\000U\000C\000-\0000\0000\0000\0009\000:\000\040\000G\000e\000s\000t\000i\000o\000n\000a\000r\000\040\000P\000e\000r\000f\000i\000l}{subsection.4.3}% 46
\BOOKMARK [3][-]{section*.24}{\376\377\000U\000C\000-\0000\0000\0001\0000\000:\000\040\000D\000e\000s\000a\000c\000t\000i\000v\000a\000r\000\040\000P\000r\000o\000p\000i\000a\000\040\000C\000u\000e\000n\000t\000a}{subsection.4.3}% 47
\BOOKMARK [3][-]{section*.26}{\376\377\000U\000C\000-\0000\0000\0001\0001\000:\000\040\000R\000e\000a\000c\000t\000i\000v\000a\000r\000\040\000P\000r\000o\000p\000i\000a\000\040\000C\000u\000e\000n\000t\000a}{subsection.4.3}% 48
\BOOKMARK [3][-]{section*.28}{\376\377\000U\000C\000-\0000\0000\0001\0002\000:\000\040\000C\000a\000m\000b\000i\000a\000r\000\040\000C\000o\000n\000t\000r\000a\000s\000e\000\361\000a}{subsection.4.3}% 49
\BOOKMARK [3][-]{section*.30}{\376\377\000U\000C\000-\0000\0000\0001\0003\000:\000\040\000R\000e\000c\000u\000p\000e\000r\000a\000r\000\040\000C\000o\000n\000t\000r\000a\000s\000e\000\361\000a}{subsection.4.3}% 50
\BOOKMARK [3][-]{section*.32}{\376\377\000U\000C\000-\0000\0000\0001\0004\000:\000\040\000V\000e\000r\000i\000f\000i\000c\000a\000r\000\040\000E\000m\000a\000i\000l}{subsection.4.3}% 51
\BOOKMARK [3][-]{section*.34}{\376\377\000U\000C\000-\0000\0000\0001\0005\000:\000\040\000R\000e\000e\000n\000v\000i\000a\000r\000\040\000E\000m\000a\000i\000l\000\040\000d\000e\000\040\000V\000e\000r\000i\000f\000i\000c\000a\000c\000i\000\363\000n}{subsection.4.3}% 52
\BOOKMARK [3][-]{section*.36}{\376\377\000U\000C\000-\0000\0000\0001\0006\000:\000\040\000S\000u\000b\000i\000r\000\040\000D\000o\000c\000u\000m\000e\000n\000t\000o}{subsection.4.3}% 53
\BOOKMARK [3][-]{section*.38}{\376\377\000U\000C\000-\0000\0000\0001\0007\000:\000\040\000L\000i\000s\000t\000a\000r\000\040\000D\000o\000c\000u\000m\000e\000n\000t\000o\000s}{subsection.4.3}% 54
\BOOKMARK [3][-]{section*.40}{\376\377\000U\000C\000-\0000\0000\0001\0008\000:\000\040\000V\000e\000r\000\040\000D\000e\000t\000a\000l\000l\000e\000\040\000d\000e\000\040\000D\000o\000c\000u\000m\000e\000n\000t\000o}{subsection.4.3}% 55
\BOOKMARK [3][-]{section*.42}{\376\377\000U\000C\000-\0000\0000\0001\0009\000:\000\040\000D\000e\000s\000c\000a\000r\000g\000a\000r\000\040\000D\000o\000c\000u\000m\000e\000n\000t\000o}{subsection.4.3}% 56
\BOOKMARK [3][-]{section*.44}{\376\377\000U\000C\000-\0000\0000\0002\0000\000:\000\040\000A\000r\000c\000h\000i\000v\000a\000r\000\040\000D\000o\000c\000u\000m\000e\000n\000t\000o}{subsection.4.3}% 57
\BOOKMARK [3][-]{section*.46}{\376\377\000U\000C\000-\0000\0000\0002\0001\000:\000\040\000D\000e\000s\000a\000r\000c\000h\000i\000v\000a\000r\000\040\000D\000o\000c\000u\000m\000e\000n\000t\000o}{subsection.4.3}% 58
\BOOKMARK [3][-]{section*.48}{\376\377\000U\000C\000-\0000\0000\0002\0002\000:\000\040\000E\000l\000i\000m\000i\000n\000a\000r\000\040\000D\000o\000c\000u\000m\000e\000n\000t\000o}{subsection.4.3}% 59
\BOOKMARK [3][-]{section*.50}{\376\377\000U\000C\000-\0000\0000\0002\0003\000:\000\040\000T\000r\000a\000n\000s\000f\000e\000r\000i\000r\000\040\000D\000o\000c\000u\000m\000e\000n\000t\000o}{subsection.4.3}% 60
\BOOKMARK [3][-]{section*.52}{\376\377\000U\000C\000-\0000\0000\0002\0004\000:\000\040\000B\000u\000s\000c\000a\000r\000\040\000D\000o\000c\000u\000m\000e\000n\000t\000o\000s}{subsection.4.3}% 61
\BOOKMARK [3][-]{section*.54}{\376\377\000U\000C\000-\0000\0000\0002\0005\000:\000\040\000C\000r\000e\000a\000r\000\040\000N\000u\000e\000v\000a\000\040\000V\000e\000r\000s\000i\000\363\000n}{subsection.4.3}% 62
\BOOKMARK [3][-]{section*.56}{\376\377\000U\000C\000-\0000\0000\0002\0006\000:\000\040\000L\000i\000s\000t\000a\000r\000\040\000V\000e\000r\000s\000i\000o\000n\000e\000s}{subsection.4.3}% 63
\BOOKMARK [3][-]{section*.58}{\376\377\000U\000C\000-\0000\0000\0002\0007\000:\000\040\000E\000s\000t\000a\000b\000l\000e\000c\000e\000r\000\040\000V\000e\000r\000s\000i\000\363\000n\000\040\000O\000p\000e\000r\000a\000t\000i\000v\000a}{subsection.4.3}% 64
\BOOKMARK [3][-]{section*.60}{\376\377\000U\000C\000-\0000\0000\0002\0008\000:\000\040\000R\000e\000s\000t\000a\000u\000r\000a\000r\000\040\000V\000e\000r\000s\000i\000\363\000n\000\040\000A\000n\000t\000e\000r\000i\000o\000r}{subsection.4.3}% 65
\BOOKMARK [3][-]{section*.62}{\376\377\000U\000C\000-\0000\0000\0002\0009\000:\000\040\000D\000e\000s\000c\000a\000r\000g\000a\000r\000\040\000V\000e\000r\000s\000i\000\363\000n\000\040\000E\000s\000p\000e\000c\000\355\000f\000i\000c\000a}{subsection.4.3}% 66
\BOOKMARK [3][-]{section*.64}{\376\377\000U\000C\000-\0000\0000\0003\0000\000:\000\040\000F\000i\000r\000m\000a\000r\000\040\000D\000o\000c\000u\000m\000e\000n\000t\000o}{subsection.4.3}% 67
\BOOKMARK [3][-]{section*.66}{\376\377\000U\000C\000-\0000\0000\0003\0001\000:\000\040\000V\000e\000r\000\040\000F\000i\000r\000m\000a\000s\000\040\000d\000e\000\040\000u\000n\000\040\000D\000o\000c\000u\000m\000e\000n\000t\000o}{subsection.4.3}% 68
\BOOKMARK [3][-]{section*.68}{\376\377\000U\000C\000-\0000\0000\0003\0002\000:\000\040\000V\000e\000r\000i\000f\000i\000c\000a\000r\000\040\000F\000i\000r\000m\000a\000\040\000e\000n\000\040\000B\000l\000o\000c\000k\000c\000h\000a\000i\000n}{subsection.4.3}% 69
\BOOKMARK [3][-]{section*.70}{\376\377\000U\000C\000-\0000\0000\0003\0003\000:\000\040\000C\000o\000m\000p\000a\000r\000t\000i\000r\000\040\000D\000o\000c\000u\000m\000e\000n\000t\000o}{subsection.4.3}% 70
\BOOKMARK [3][-]{section*.72}{\376\377\000U\000C\000-\0000\0000\0003\0004\000:\000\040\000R\000e\000v\000o\000c\000a\000r\000\040\000A\000c\000c\000e\000s\000o\000\040\000a\000\040\000D\000o\000c\000u\000m\000e\000n\000t\000o}{subsection.4.3}% 71
\BOOKMARK [3][-]{section*.74}{\376\377\000U\000C\000-\0000\0000\0003\0005\000:\000\040\000V\000e\000r\000\040\000D\000o\000c\000u\000m\000e\000n\000t\000o\000s\000\040\000C\000o\000m\000p\000a\000r\000t\000i\000d\000o\000s\000\040\000C\000o\000n\000m\000i\000g\000o}{subsection.4.3}% 72
\BOOKMARK [3][-]{section*.76}{\376\377\000U\000C\000-\0000\0000\0003\0006\000:\000\040\000V\000e\000r\000\040\000T\000i\000m\000e\000l\000i\000n\000e\000\040\000d\000e\000\040\000D\000o\000c\000u\000m\000e\000n\000t\000o}{subsection.4.3}% 73
\BOOKMARK [3][-]{section*.78}{\376\377\000U\000C\000-\0000\0000\0003\0007\000:\000\040\000V\000e\000r\000\040\000E\000s\000t\000a\000d\000\355\000s\000t\000i\000c\000a\000s\000\040\000P\000e\000r\000s\000o\000n\000a\000l\000e\000s}{subsection.4.3}% 74
\BOOKMARK [3][-]{section*.80}{\376\377\000U\000C\000-\0000\0000\0003\0008\000:\000\040\000V\000e\000r\000\040\000E\000s\000t\000a\000d\000\355\000s\000t\000i\000c\000a\000s\000\040\000G\000l\000o\000b\000a\000l\000e\000s\000\040\000d\000e\000l\000\040\000S\000i\000s\000t\000e\000m\000a}{subsection.4.3}% 75
\BOOKMARK [3][-]{section*.82}{\376\377\000U\000C\000-\0000\0000\0003\0009\000:\000\040\000V\000e\000r\000i\000f\000i\000c\000a\000r\000\040\000A\000u\000t\000e\000n\000t\000i\000c\000i\000d\000a\000d\000\040\000d\000e\000\040\000D\000o\000c\000u\000m\000e\000n\000t\000o}{subsection.4.3}% 76
\BOOKMARK [3][-]{section*.84}{\376\377\000U\000C\000-\0000\0000\0004\0000\000:\000\040\000A\000u\000d\000i\000t\000o\000r\000\355\000a\000\040\000B\000l\000o\000c\000k\000c\000h\000a\000i\000n}{subsection.4.3}% 77
\BOOKMARK [3][-]{section*.86}{\376\377\000U\000C\000-\0000\0000\0004\0001\000:\000\040\000L\000i\000s\000t\000a\000r\000\040\000U\000s\000u\000a\000r\000i\000o\000s}{subsection.4.3}% 78
\BOOKMARK [3][-]{section*.88}{\376\377\000U\000C\000-\0000\0000\0004\0002\000:\000\040\000G\000e\000s\000t\000i\000o\000n\000a\000r\000\040\000R\000o\000l\000e\000s\000\040\000d\000e\000\040\000U\000s\000u\000a\000r\000i\000o}{subsection.4.3}% 79
\BOOKMARK [1][-]{section.5}{\376\377\000M\000a\000t\000r\000i\000c\000e\000s\000\040\000d\000e\000\040\000r\000a\000s\000t\000r\000e\000a\000b\000i\000l\000i\000d\000a\000d}{}% 80
\BOOKMARK [2][-]{subsection.5.1}{\376\377\000M\000a\000t\000r\000i\000z\000\040\000I\000R\000Q\000-\000O\000B\000J}{section.5}% 81
\BOOKMARK [2][-]{subsection.5.2}{\376\377\000M\000a\000t\000r\000i\000z\000\040\000N\000F\000R\000-\000I\000R\000Q}{section.5}% 82
\BOOKMARK [2][-]{subsection.5.3}{\376\377\000M\000a\000t\000r\000i\000z\000\040\000N\000F\000R\000-\000N\000F\000R}{section.5}% 83
\BOOKMARK [2][-]{subsection.5.4}{\376\377\000M\000a\000t\000r\000i\000z\000\040\000N\000F\000R\000-\000O\000B\000J}{section.5}% 84
\BOOKMARK [2][-]{subsection.5.5}{\376\377\000M\000a\000t\000r\000i\000z\000\040\000U\000C\000-\000N\000F\000R}{section.5}% 85
\BOOKMARK [2][-]{subsection.5.6}{\376\377\000M\000a\000t\000r\000i\000z\000\040\000U\000C\000-\000I\000R\000Q}{section.5}% 86
\BOOKMARK [2][-]{subsection.5.7}{\376\377\000M\000a\000t\000r\000i\000z\000\040\000U\000C\000-\000U\000C}{section.5}% 87
\BOOKMARK [2][-]{subsection.5.8}{\376\377\000M\000a\000t\000r\000i\000z\000\040\000U\000C\000-\000O\000B\000J}{section.5}% 88
\BOOKMARK [1][-]{section.6}{\376\377\000P\000r\000o\000p\000u\000e\000s\000t\000a\000\040\000a\000r\000q\000u\000i\000t\000e\000c\000t\000\363\000n\000i\000c\000a}{}% 89
\BOOKMARK [2][-]{subsection.6.1}{\376\377\000A\000r\000q\000u\000i\000t\000e\000c\000t\000u\000r\000a\000\040\000p\000o\000r\000\040\000p\000a\000q\000u\000e\000t\000e\000s}{section.6}% 90
\BOOKMARK [2][-]{subsection.6.2}{\376\377\000D\000i\000a\000g\000r\000a\000m\000a\000\040\000d\000e\000\040\000a\000r\000q\000u\000i\000t\000e\000c\000t\000u\000r\000a}{section.6}% 91
\BOOKMARK [1][-]{section.7}{\376\377\000G\000l\000o\000s\000a\000r\000i\000o}{}% 92
\BOOKMARK [1][-]{section*.89}{\376\377\000B\000i\000b\000l\000i\000o\000g\000r\000a\000f\000\355\000a}{}% 93
