\BOOKMARK [1][-]{section.1}{\376\377\000I\000n\000t\000r\000o\000d\000u\000c\000c\000i\000\363\000n}{}% 1
\BOOKMARK [1][-]{section.2}{\376\377\000E\000s\000q\000u\000e\000m\000a\000\040\000d\000e\000\040\000a\000c\000c\000e\000s\000o\000\040\000a\000l\000\040\000s\000i\000s\000t\000e\000m\000a}{}% 2
\BOOKMARK [2][-]{subsection.2.1}{\376\377\000R\000e\000c\000u\000r\000s\000o\000s\000\040\000a\000c\000c\000e\000s\000i\000b\000l\000e\000s\000\040\000c\000o\000m\000o\000\040\000U\000s\000u\000a\000r\000i\000o}{section.2}% 3
\BOOKMARK [2][-]{subsection.2.2}{\376\377\000R\000e\000c\000u\000r\000s\000o\000s\000\040\000e\000x\000c\000l\000u\000s\000i\000v\000o\000s\000\040\000d\000e\000\040\000A\000d\000m\000i\000n\000i\000s\000t\000r\000a\000d\000o\000r}{section.2}% 4
\BOOKMARK [1][-]{section.3}{\376\377\000M\000a\000n\000u\000a\000l\000\040\000d\000e\000\040\000U\000s\000u\000a\000r\000i\000o}{}% 5
\BOOKMARK [2][-]{subsection.3.1}{\376\377\000P\000\341\000g\000i\000n\000a\000\040\000p\000\372\000b\000l\000i\000c\000a\000\040\000d\000e\000\040\000i\000n\000i\000c\000i\000o}{section.3}% 6
\BOOKMARK [2][-]{subsection.3.2}{\376\377\000A\000d\000a\000p\000t\000a\000c\000i\000\363\000n\000\040\000a\000\040\000d\000i\000s\000p\000o\000s\000i\000t\000i\000v\000o\000s\000\040\000m\000\363\000v\000i\000l\000e\000s}{section.3}% 7
\BOOKMARK [2][-]{subsection.3.3}{\376\377\000P\000r\000i\000m\000e\000r\000o\000s\000\040\000p\000a\000s\000o\000s}{section.3}% 8
\BOOKMARK [3][-]{subsubsection.3.3.1}{\376\377\000C\000r\000e\000a\000r\000\040\000u\000n\000a\000\040\000c\000u\000e\000n\000t\000a}{subsection.3.3}% 9
\BOOKMARK [3][-]{subsubsection.3.3.2}{\376\377\000C\000o\000n\000f\000i\000r\000m\000a\000r\000\040\000e\000l\000\040\000c\000o\000r\000r\000e\000o\000\040\000e\000l\000e\000c\000t\000r\000\363\000n\000i\000c\000o}{subsection.3.3}% 10
\BOOKMARK [3][-]{subsubsection.3.3.3}{\376\377\000I\000n\000i\000c\000i\000a\000r\000\040\000s\000e\000s\000i\000\363\000n}{subsection.3.3}% 11
\BOOKMARK [3][-]{subsubsection.3.3.4}{\376\377\000C\000e\000r\000r\000a\000r\000\040\000s\000e\000s\000i\000\363\000n}{subsection.3.3}% 12
\BOOKMARK [3][-]{subsubsection.3.3.5}{\376\377\000R\000e\000c\000u\000p\000e\000r\000a\000r\000\040\000c\000o\000n\000t\000r\000a\000s\000e\000\361\000a}{subsection.3.3}% 13
\BOOKMARK [2][-]{subsection.3.4}{\376\377\000V\000i\000s\000t\000a\000\040\000p\000r\000i\000n\000c\000i\000p\000a\000l\000\040\000d\000e\000\040\000d\000o\000c\000u\000m\000e\000n\000t\000o\000s}{section.3}% 14
\BOOKMARK [3][-]{subsubsection.3.4.1}{\376\377\000E\000l\000e\000m\000e\000n\000t\000o\000s\000\040\000p\000r\000i\000n\000c\000i\000p\000a\000l\000e\000s}{subsection.3.4}% 15
\BOOKMARK [2][-]{subsection.3.5}{\376\377\000G\000e\000s\000t\000i\000\363\000n\000\040\000d\000e\000\040\000d\000o\000c\000u\000m\000e\000n\000t\000o\000s}{section.3}% 16
\BOOKMARK [3][-]{subsubsection.3.5.1}{\376\377\000S\000u\000b\000i\000r\000\040\000u\000n\000\040\000d\000o\000c\000u\000m\000e\000n\000t\000o}{subsection.3.5}% 17
\BOOKMARK [3][-]{subsubsection.3.5.2}{\376\377\000B\000u\000s\000c\000a\000r\000\040\000d\000o\000c\000u\000m\000e\000n\000t\000o\000s}{subsection.3.5}% 18
\BOOKMARK [3][-]{subsubsection.3.5.3}{\376\377\000V\000e\000r\000\040\000d\000e\000t\000a\000l\000l\000e\000s\000\040\000d\000e\000\040\000u\000n\000\040\000d\000o\000c\000u\000m\000e\000n\000t\000o}{subsection.3.5}% 19
\BOOKMARK [3][-]{subsubsection.3.5.4}{\376\377\000D\000e\000s\000c\000a\000r\000g\000a\000r\000\040\000u\000n\000\040\000d\000o\000c\000u\000m\000e\000n\000t\000o}{subsection.3.5}% 20
\BOOKMARK [3][-]{subsubsection.3.5.5}{\376\377\000A\000r\000c\000h\000i\000v\000a\000r\000\040\000u\000n\000\040\000d\000o\000c\000u\000m\000e\000n\000t\000o}{subsection.3.5}% 21
\BOOKMARK [3][-]{subsubsection.3.5.6}{\376\377\000E\000l\000i\000m\000i\000n\000a\000r\000\040\000u\000n\000\040\000d\000o\000c\000u\000m\000e\000n\000t\000o}{subsection.3.5}% 22
\BOOKMARK [2][-]{subsection.3.6}{\376\377\000G\000e\000s\000t\000i\000\363\000n\000\040\000d\000e\000\040\000v\000e\000r\000s\000i\000o\000n\000e\000s}{section.3}% 23
\BOOKMARK [3][-]{subsubsection.3.6.1}{\376\377\000C\000r\000e\000a\000r\000\040\000u\000n\000a\000\040\000n\000u\000e\000v\000a\000\040\000v\000e\000r\000s\000i\000\363\000n}{subsection.3.6}% 24
\BOOKMARK [3][-]{subsubsection.3.6.2}{\376\377\000C\000o\000n\000s\000u\000l\000t\000a\000r\000\040\000e\000l\000\040\000h\000i\000s\000t\000o\000r\000i\000a\000l\000\040\000d\000e\000\040\000v\000e\000r\000s\000i\000o\000n\000e\000s}{subsection.3.6}% 25
\BOOKMARK [3][-]{subsubsection.3.6.3}{\376\377\000R\000e\000s\000t\000a\000u\000r\000a\000r\000\040\000u\000n\000a\000\040\000v\000e\000r\000s\000i\000\363\000n\000\040\000a\000n\000t\000e\000r\000i\000o\000r}{subsection.3.6}% 26
\BOOKMARK [2][-]{subsection.3.7}{\376\377\000F\000i\000r\000m\000a\000s\000\040\000d\000i\000g\000i\000t\000a\000l\000e\000s}{section.3}% 27
\BOOKMARK [3][-]{subsubsection.3.7.1}{\376\377\000F\000i\000r\000m\000a\000r\000\040\000u\000n\000\040\000d\000o\000c\000u\000m\000e\000n\000t\000o}{subsection.3.7}% 28
\BOOKMARK [3][-]{subsubsection.3.7.2}{\376\377\000C\000o\000n\000s\000u\000l\000t\000a\000r\000\040\000l\000o\000s\000\040\000f\000i\000r\000m\000a\000n\000t\000e\000s\000\040\000d\000e\000\040\000u\000n\000a\000\040\000v\000e\000r\000s\000i\000\363\000n}{subsection.3.7}% 29
\BOOKMARK [2][-]{subsection.3.8}{\376\377\000C\000o\000m\000p\000a\000r\000t\000i\000r\000\040\000d\000o\000c\000u\000m\000e\000n\000t\000o\000s}{section.3}% 30
\BOOKMARK [3][-]{subsubsection.3.8.1}{\376\377\000C\000o\000m\000p\000a\000r\000t\000i\000r\000\040\000c\000o\000n\000\040\000o\000t\000r\000o\000\040\000u\000s\000u\000a\000r\000i\000o}{subsection.3.8}% 31
\BOOKMARK [3][-]{subsubsection.3.8.2}{\376\377\000A\000c\000c\000e\000d\000e\000r\000\040\000a\000\040\000d\000o\000c\000u\000m\000e\000n\000t\000o\000s\000\040\000c\000o\000m\000p\000a\000r\000t\000i\000d\000o\000s\000\040\000c\000o\000n\000t\000i\000g\000o}{subsection.3.8}% 32
\BOOKMARK [3][-]{subsubsection.3.8.3}{\376\377\000R\000e\000v\000o\000c\000a\000r\000\040\000a\000c\000c\000e\000s\000o}{subsection.3.8}% 33
\BOOKMARK [3][-]{subsubsection.3.8.4}{\376\377\000T\000r\000a\000n\000s\000f\000e\000r\000i\000r\000\040\000p\000r\000o\000p\000i\000e\000d\000a\000d}{subsection.3.8}% 34
\BOOKMARK [2][-]{subsection.3.9}{\376\377\000O\000r\000g\000a\000n\000i\000z\000a\000c\000i\000\363\000n\000:\000\040\000C\000a\000r\000p\000e\000t\000a\000s\000\040\000y\000\040\000c\000l\000a\000s\000i\000f\000i\000c\000a\000c\000i\000\363\000n}{section.3}% 35
\BOOKMARK [3][-]{subsubsection.3.9.1}{\376\377\000C\000r\000e\000a\000r\000\040\000u\000n\000a\000\040\000c\000a\000r\000p\000e\000t\000a}{subsection.3.9}% 36
\BOOKMARK [3][-]{subsubsection.3.9.2}{\376\377\000C\000l\000a\000s\000i\000f\000i\000c\000a\000r\000\040\000c\000o\000n\000\040\000e\000t\000i\000q\000u\000e\000t\000a\000s}{subsection.3.9}% 37
\BOOKMARK [2][-]{subsection.3.10}{\376\377\000T\000i\000m\000e\000l\000i\000n\000e\000\040\000y\000\040\000a\000u\000d\000i\000t\000o\000r\000\355\000a}{section.3}% 38
\BOOKMARK [3][-]{subsubsection.3.10.1}{\376\377\000V\000e\000r\000\040\000t\000i\000m\000e\000l\000i\000n\000e\000\040\000d\000e\000\040\000u\000n\000\040\000d\000o\000c\000u\000m\000e\000n\000t\000o}{subsection.3.10}% 39
\BOOKMARK [2][-]{subsection.3.11}{\376\377\000V\000e\000r\000i\000f\000i\000c\000a\000c\000i\000\363\000n\000\040\000d\000o\000c\000u\000m\000e\000n\000t\000a\000l\000\040\000y\000\040\000a\000u\000d\000i\000t\000o\000r\000\355\000a\000\040\000p\000\372\000b\000l\000i\000c\000a}{section.3}% 40
\BOOKMARK [3][-]{subsubsection.3.11.1}{\376\377\000V\000e\000r\000i\000f\000i\000c\000a\000r\000\040\000u\000n\000\040\000d\000o\000c\000u\000m\000e\000n\000t\000o\000\040\000d\000e\000s\000d\000e\000\040\000l\000a\000\040\000a\000p\000l\000i\000c\000a\000c\000i\000\363\000n}{subsection.3.11}% 41
\BOOKMARK [3][-]{subsubsection.3.11.2}{\376\377\000C\000o\000n\000s\000u\000l\000t\000a\000r\000\040\000l\000a\000\040\000a\000u\000d\000i\000t\000o\000r\000\355\000a\000\040\000p\000\372\000b\000l\000i\000c\000a}{subsection.3.11}% 42
\BOOKMARK [3][-]{subsubsection.3.11.3}{\376\377\000C\000o\000n\000s\000u\000l\000t\000a\000r\000\040\000u\000n\000\040\000d\000o\000c\000u\000m\000e\000n\000t\000o\000\040\000p\000\372\000b\000l\000i\000c\000o\000\040\000m\000e\000d\000i\000a\000n\000t\000e\000\040\000e\000n\000l\000a\000c\000e}{subsection.3.11}% 43
\BOOKMARK [2][-]{subsection.3.12}{\376\377\000N\000o\000t\000i\000f\000i\000c\000a\000c\000i\000o\000n\000e\000s}{section.3}% 44
\BOOKMARK [3][-]{subsubsection.3.12.1}{\376\377\000V\000e\000r\000\040\000n\000o\000t\000i\000f\000i\000c\000a\000c\000i\000o\000n\000e\000s}{subsection.3.12}% 45
\BOOKMARK [3][-]{subsubsection.3.12.2}{\376\377\000G\000e\000s\000t\000i\000o\000n\000a\000r\000\040\000n\000o\000t\000i\000f\000i\000c\000a\000c\000i\000o\000n\000e\000s}{subsection.3.12}% 46
\BOOKMARK [3][-]{subsubsection.3.12.3}{\376\377\000C\000o\000n\000f\000i\000g\000u\000r\000a\000r\000\040\000p\000r\000e\000f\000e\000r\000e\000n\000c\000i\000a\000s\000\040\000d\000e\000\040\000n\000o\000t\000i\000f\000i\000c\000a\000c\000i\000o\000n\000e\000s}{subsection.3.12}% 47
\BOOKMARK [2][-]{subsection.3.13}{\376\377\000C\000o\000n\000f\000i\000g\000u\000r\000a\000c\000i\000\363\000n\000\040\000d\000e\000\040\000c\000u\000e\000n\000t\000a}{section.3}% 48
\BOOKMARK [3][-]{subsubsection.3.13.1}{\376\377\000E\000d\000i\000t\000a\000r\000\040\000i\000n\000f\000o\000r\000m\000a\000c\000i\000\363\000n\000\040\000p\000e\000r\000s\000o\000n\000a\000l\000\040\000y\000\040\000a\000v\000a\000t\000a\000r}{subsection.3.13}% 49
\BOOKMARK [3][-]{subsubsection.3.13.2}{\376\377\000U\000s\000a\000r\000\040\000l\000a\000\040\000v\000i\000s\000t\000a\000\040\000d\000e\000\040\000p\000e\000r\000f\000i\000l\000\040\000y\000\040\000l\000a\000\040\000c\000o\000n\000e\000x\000i\000\363\000n\000\040\000g\000u\000i\000a\000d\000a\000\040\000d\000e\000\040\000w\000a\000l\000l\000e\000t}{subsection.3.13}% 50
\BOOKMARK [3][-]{subsubsection.3.13.3}{\376\377\000G\000e\000s\000t\000i\000o\000n\000a\000r\000\040\000w\000a\000l\000l\000e\000t\000s}{subsection.3.13}% 51
\BOOKMARK [3][-]{subsubsection.3.13.4}{\376\377\000C\000a\000m\000b\000i\000a\000r\000\040\000c\000o\000n\000t\000r\000a\000s\000e\000\361\000a}{subsection.3.13}% 52
\BOOKMARK [3][-]{subsubsection.3.13.5}{\376\377\000A\000c\000t\000i\000v\000a\000r\000\040\000a\000u\000t\000e\000n\000t\000i\000c\000a\000c\000i\000\363\000n\000\040\000d\000e\000\040\000d\000o\000s\000\040\000f\000a\000c\000t\000o\000r\000e\000s\000\040\000\050\0002\000F\000A\000\051}{subsection.3.13}% 53
\BOOKMARK [3][-]{subsubsection.3.13.6}{\376\377\000R\000e\000g\000e\000n\000e\000r\000a\000r\000\040\000c\000\363\000d\000i\000g\000o\000s\000\040\000d\000e\000\040\000r\000e\000s\000p\000a\000l\000d\000o\000\040\000o\000\040\000d\000e\000s\000a\000c\000t\000i\000v\000a\000r\000\040\0002\000F\000A}{subsection.3.13}% 54
\BOOKMARK [3][-]{subsubsection.3.13.7}{\376\377\000S\000e\000g\000u\000r\000i\000d\000a\000d\000,\000\040\000n\000o\000t\000i\000f\000i\000c\000a\000c\000i\000o\000n\000e\000s\000\040\000y\000\040\000z\000o\000n\000a\000\040\000d\000e\000\040\000p\000e\000l\000i\000g\000r\000o}{subsection.3.13}% 55
\BOOKMARK [3][-]{subsubsection.3.13.8}{\376\377\000R\000e\000a\000c\000t\000i\000v\000a\000r\000\040\000u\000n\000a\000\040\000c\000u\000e\000n\000t\000a\000\040\000s\000u\000s\000p\000e\000n\000d\000i\000d\000a}{subsection.3.13}% 56
\BOOKMARK [1][-]{section.4}{\376\377\000M\000a\000n\000u\000a\000l\000\040\000d\000e\000\040\000A\000d\000m\000i\000n\000i\000s\000t\000r\000a\000d\000o\000r}{}% 57
\BOOKMARK [2][-]{subsection.4.1}{\376\377\000A\000c\000c\000e\000s\000o\000\040\000a\000l\000\040\000p\000a\000n\000e\000l\000\040\000d\000e\000\040\000a\000d\000m\000i\000n\000i\000s\000t\000r\000a\000c\000i\000\363\000n}{section.4}% 58
\BOOKMARK [2][-]{subsection.4.2}{\376\377\000G\000e\000s\000t\000i\000\363\000n\000\040\000d\000e\000\040\000u\000s\000u\000a\000r\000i\000o\000s}{section.4}% 59
\BOOKMARK [3][-]{subsubsection.4.2.1}{\376\377\000V\000e\000r\000\040\000l\000i\000s\000t\000a\000\040\000d\000e\000\040\000u\000s\000u\000a\000r\000i\000o\000s}{subsection.4.2}% 60
\BOOKMARK [3][-]{subsubsection.4.2.2}{\376\377\000C\000r\000e\000a\000r\000\040\000u\000n\000\040\000n\000u\000e\000v\000o\000\040\000a\000d\000m\000i\000n\000i\000s\000t\000r\000a\000d\000o\000r}{subsection.4.2}% 61
\BOOKMARK [3][-]{subsubsection.4.2.3}{\376\377\000I\000n\000s\000p\000e\000c\000c\000i\000o\000n\000a\000r\000\040\000e\000l\000\040\000d\000e\000t\000a\000l\000l\000e\000\040\000d\000e\000\040\000u\000n\000\040\000u\000s\000u\000a\000r\000i\000o}{subsection.4.2}% 62
\BOOKMARK [3][-]{subsubsection.4.2.4}{\376\377\000C\000a\000m\000b\000i\000a\000r\000\040\000r\000o\000l\000\040\000d\000e\000\040\000u\000n\000\040\000u\000s\000u\000a\000r\000i\000o}{subsection.4.2}% 63
\BOOKMARK [3][-]{subsubsection.4.2.5}{\376\377\000E\000l\000i\000m\000i\000n\000a\000r\000\040\000u\000n\000a\000\040\000c\000u\000e\000n\000t\000a}{subsection.4.2}% 64
\BOOKMARK [2][-]{subsection.4.3}{\376\377\000E\000s\000t\000a\000d\000\355\000s\000t\000i\000c\000a\000s\000\040\000d\000e\000l\000\040\000s\000i\000s\000t\000e\000m\000a}{section.4}% 65
\BOOKMARK [3][-]{subsubsection.4.3.1}{\376\377\000R\000e\000v\000i\000s\000a\000r\000\040\000l\000a\000\040\000a\000c\000t\000i\000v\000i\000d\000a\000d\000\040\000r\000e\000c\000i\000e\000n\000t\000e}{subsection.4.3}% 66
\BOOKMARK [2][-]{subsection.4.4}{\376\377\000A\000u\000d\000i\000t\000o\000r\000\355\000a\000\040\000b\000l\000o\000c\000k\000c\000h\000a\000i\000n}{section.4}% 67
\BOOKMARK [3][-]{subsubsection.4.4.1}{\376\377\000V\000e\000r\000\040\000l\000o\000g\000s\000\040\000d\000e\000l\000\040\000s\000i\000s\000t\000e\000m\000a}{subsection.4.4}% 68
\BOOKMARK [1][-]{section.5}{\376\377\000G\000l\000o\000s\000a\000r\000i\000o}{}% 69
\BOOKMARK [1][-]{section*.4}{\376\377\000B\000i\000b\000l\000i\000o\000g\000r\000a\000f\000\355\000a}{}% 70
